---
http_interactions:
- request:
    method: get
    uri: https://aTestGitAccount:plzdon%27thackthetestaccount1@api.github.com/user/keys
    body:
      encoding: US-ASCII
      string: ''
    headers:
      Accept:
      - ! '*/*'
      User-Agent:
      - Ruby
  response:
    status:
      code: 200
      message: OK
    headers:
      Server:
      - nginx/1.0.13
      Date:
      - Fri, 07 Sep 2012 19:31:50 GMT
      Content-Type:
      - application/json; charset=utf-8
      Connection:
      - keep-alive
      Status:
      - 200 OK
      X-Github-Media-Type:
      - github.beta
      Etag:
      - ! '"c40df4dbd1875b6234fbe1e625fbc6cd"'
      Last-Modified:
      - Tue, 04 Sep 2012 16:31:49 GMT
      X-Ratelimit-Limit:
      - '5000'
      Cache-Control:
      - private, max-age=60, s-maxage=60
      Vary:
      - Accept, Authorization, Cookie
      X-Content-Type-Options:
      - nosniff
      X-Ratelimit-Remaining:
      - '4838'
      Content-Length:
      - '2'
    body:
      encoding: US-ASCII
      string: ! '[]'
    http_version: !!null 
  recorded_at: Fri, 07 Sep 2012 19:31:50 GMT
- request:
    method: delete
    uri: https://aTestGitAccount:plzdon%27thackthetestaccount1@api.github.com/user/keys/3153934
    body:
      encoding: US-ASCII
      string: ''
    headers:
      Accept:
      - ! '*/*'
      User-Agent:
      - Ruby
  response:
    status:
      code: 204
      message: No Content
    headers:
      Server:
      - nginx/1.0.13
      Date:
      - Fri, 07 Sep 2012 19:31:53 GMT
      Connection:
      - keep-alive
      Status:
      - 204 No Content
      X-Github-Media-Type:
      - github.beta
      X-Ratelimit-Limit:
      - '5000'
      Cache-Control:
      - ''
      X-Content-Type-Options:
      - nosniff
      X-Ratelimit-Remaining:
      - '4834'
    body:
      encoding: US-ASCII
      string: ''
    http_version: !!null 
  recorded_at: Fri, 07 Sep 2012 19:31:52 GMT
- request:
    method: delete
    uri: https://aTestGitAccount:plzdon%27thackthetestaccount1@api.github.com/user/keys/3153932
    body:
      encoding: US-ASCII
      string: ''
    headers:
      Accept:
      - ! '*/*'
      User-Agent:
      - Ruby
  response:
    status:
      code: 404
      message: Not Found
    headers:
      Server:
      - nginx/1.0.13
      Date:
      - Fri, 07 Sep 2012 19:56:56 GMT
      Content-Type:
      - application/json; charset=utf-8
      Connection:
      - keep-alive
      Status:
      - 404 Not Found
      X-Ratelimit-Remaining:
      - '4999'
      Content-Length:
      - '23'
      Cache-Control:
      - ''
      X-Github-Media-Type:
      - github.beta
      X-Ratelimit-Limit:
      - '5000'
      X-Content-Type-Options:
      - nosniff
    body:
      encoding: US-ASCII
      string: ! '{"message":"Not Found"}'
    http_version: !!null 
  recorded_at: Fri, 07 Sep 2012 19:56:55 GMT
recorded_with: VCR 2.2.4
